Component: ARM Compiler 5.06 update 7 (build 960) Tool: armlink [4d3601]

==============================================================================

Section Cross References

    app_aep_profile.o(i.aep_thread_init) refers to thread.o(i.thread_os_register) for thread_os_register
    app_aep_profile.o(i.aep_thread_init) refers to os_soft_timer.o(i.soft_timer_register) for soft_timer_register
    app_aep_profile.o(i.aep_thread_init) refers to nb_thread.o(i.nb_register_syn_ack) for nb_register_syn_ack
    app_aep_profile.o(i.aep_thread_init) refers to tinyprintf.o(i.ty_printf) for ty_printf
    app_aep_profile.o(i.aep_thread_init) refers to app_aep_profile.o(.data) for .data
    app_aep_profile.o(i.aep_thread_init) refers to app_aep_profile.o(i.nb_timer_cb) for nb_timer_cb
    app_aep_profile.o(i.aep_thread_init) refers to app_aep_profile.o(i.nb_warning_timer_cb) for nb_warning_timer_cb
    app_aep_profile.o(i.aep_thread_init) refers to app_aep_profile.o(i.send_data_asy_callback) for send_data_asy_callback
    app_aep_profile.o(i.decode_aep_data) refers to aepservicecodes.o(i.decodeCmdDownFromStr) for decodeCmdDownFromStr
    app_aep_profile.o(i.decode_aep_data) refers to strcmp.o(.text) for strcmp
    app_aep_profile.o(i.decode_aep_data) refers to tinyprintf.o(i.ty_printf) for ty_printf
    app_aep_profile.o(i.decode_aep_data) refers to bsp.o(i.setStatus) for setStatus
    app_aep_profile.o(i.decode_aep_data) refers to aepservicecodes.o(i.codeDataReportByIdentifierToStr) for codeDataReportByIdentifierToStr
    app_aep_profile.o(i.decode_aep_data) refers to app_aep_profile.o(i.send_msg) for send_msg
    app_aep_profile.o(i.decode_aep_data) refers to os_soft_timer.o(i.soft_timer_stop) for soft_timer_stop
    app_aep_profile.o(i.decode_aep_data) refers to os_soft_timer.o(i.soft_timer_start) for soft_timer_start
    app_aep_profile.o(i.decode_aep_data) refers to malloc.o(i.free) for free
    app_aep_profile.o(i.decode_aep_data) refers to app_aep_profile.o(.data) for .data
    app_aep_profile.o(i.nb_timer_cb) refers to bsp.o(i.getStatus) for getStatus
    app_aep_profile.o(i.nb_timer_cb) refers to fmul.o(.text) for __aeabi_fmul
    app_aep_profile.o(i.nb_timer_cb) refers to ffixi.o(.text) for __aeabi_f2iz
    app_aep_profile.o(i.nb_timer_cb) refers to fflti.o(.text) for __aeabi_i2f
    app_aep_profile.o(i.nb_timer_cb) refers to fdiv.o(.text) for __aeabi_fdiv
    app_aep_profile.o(i.nb_timer_cb) refers to ffltui.o(.text) for __aeabi_ui2f
    app_aep_profile.o(i.nb_timer_cb) refers to aepservicecodes.o(i.codeDataReportByIdentifierToStr) for codeDataReportByIdentifierToStr
    app_aep_profile.o(i.nb_timer_cb) refers to tinyprintf.o(i.ty_printf) for ty_printf
    app_aep_profile.o(i.nb_timer_cb) refers to app_aep_profile.o(i.send_msg) for send_msg
    app_aep_profile.o(i.nb_timer_cb) refers to malloc.o(i.free) for free
    app_aep_profile.o(i.nb_timer_cb) refers to os_soft_timer.o(i.soft_timer_start) for soft_timer_start
    app_aep_profile.o(i.nb_timer_cb) refers to app_aep_profile.o(.bss) for .bss
    app_aep_profile.o(i.nb_timer_cb) refers to app_aep_profile.o(.data) for .data
    app_aep_profile.o(i.nb_warning_timer_cb) refers to bsp.o(i.getStatus) for getStatus
    app_aep_profile.o(i.nb_warning_timer_cb) refers to bsp.o(i.setStatus) for setStatus
    app_aep_profile.o(i.nb_warning_timer_cb) refers to os_soft_timer.o(i.soft_timer_start) for soft_timer_start
    app_aep_profile.o(i.nb_warning_timer_cb) refers to app_aep_profile.o(.bss) for .bss
    app_aep_profile.o(i.nb_warning_timer_cb) refers to app_aep_profile.o(.data) for .data
    app_aep_profile.o(i.process_thread_app_process) refers to bsp.o(i.getStatus) for getStatus
    app_aep_profile.o(i.process_thread_app_process) refers to bsp.o(i.setStatus) for setStatus
    app_aep_profile.o(i.process_thread_app_process) refers to os_time.o(i.os_time_get_timetick) for os_time_get_timetick
    app_aep_profile.o(i.process_thread_app_process) refers to tinyprintf.o(i.ty_printf) for ty_printf
    app_aep_profile.o(i.process_thread_app_process) refers to os_soft_timer.o(i.soft_timer_stop) for soft_timer_stop
    app_aep_profile.o(i.process_thread_app_process) refers to app_aep_profile.o(i.send_sensor_data) for send_sensor_data
    app_aep_profile.o(i.process_thread_app_process) refers to app_aep_profile.o(i.nb_timer_cb) for nb_timer_cb
    app_aep_profile.o(i.process_thread_app_process) refers to app_aep_profile.o(.bss) for .bss
    app_aep_profile.o(i.process_thread_app_process) refers to app_aep_profile.o(.data) for .data
    app_aep_profile.o(i.send_data_asy_callback) refers to tinyprintf.o(i.ty_printf) for ty_printf
    app_aep_profile.o(i.send_data_syn_callback) refers to tinyprintf.o(i.ty_printf) for ty_printf
    app_aep_profile.o(i.send_data_syn_callback) refers to malloc.o(i.free) for free
    app_aep_profile.o(i.send_msg) refers to strlen.o(.text) for strlen
[...]
    motor_status                             0x2000060e   Data           1  motor.o(.data)
    .data                                    0x20000610   Section       24  hts221.o(.data)
    .data                                    0x20000628   Section       12  app_uart.o(.data)
    reg_flag                                 0x20000628   Data           1  app_uart.o(.data)
    m_fifo                                   0x2000062c   Data           4  app_uart.o(.data)
    uart_time_obj                            0x20000630   Data           4  app_uart.o(.data)
    .data                                    0x20000634   Section        1  log_uart.o(.data)
    log_uart_flag                            0x20000634   Data           1  log_uart.o(.data)
    .data                                    0x20000635   Section        1  util.o(.data)
    .data                                    0x20000638   Section        8  flexshell.o(.data)
    shell_recv_len                           0x20000638   Data           1  flexshell.o(.data)
    shell_read_cb                            0x2000063c   Data           4  flexshell.o(.data)
    .data                                    0x20000640   Section       32  flexshell_port.o(.data)
    FlexShell_process                        0x20000640   Data          32  flexshell_port.o(.data)
    .data                                    0x20000660   Section        4  tinyprintf.o(.data)
    .data                                    0x20000664   Section        8  thread.o(.data)
    thread_id                                0x20000664   Data           4  thread.o(.data)
    .data                                    0x2000066c   Section       12  os_core.o(.data)
    .data                                    0x20000678   Section       32  os_soft_timer.o(.data)
    thread_timer_process                     0x20000678   Data          32  os_soft_timer.o(.data)
    .data                                    0x20000698   Section        4  os_time.o(.data)
    timetick                                 0x20000698   Data           4  os_time.o(.data)
    .data                                    0x2000069c   Section       12  stm32f1xx_hal.o(.data)
    .data                                    0x200006a8   Section        4  system_stm32f1xx.o(.data)
    .data                                    0x200006ac   Section        4  stdout.o(.data)
    .data                                    0x200006b0   Section        4  mvars.o(.data)
    .data                                    0x200006b4   Section        4  mvars.o(.data)
    .data                                    0x200006b8   Section        4  errno.o(.data)
    _errno                                   0x200006b8   Data           4  errno.o(.data)
    FlexShellSection                         0x200006bc   Section      160  flexshellsys.o(FlexShellSection)
    __tagsym$$used                           0x200006bc   Number         0  flexshellsys.o(FlexShellSection)
    help_cmd                                 0x200006bc   Data          16  flexshellsys.o(FlexShellSection)
    __tagsym$$used                           0x200006cc   Number         0  flexshellsys.o(FlexShellSection)
    help_cmd2                                0x200006cc   Data          16  flexshellsys.o(FlexShellSection)
    __tagsym$$used                           0x200006dc   Number         0  flexshellsys.o(FlexShellSection)
    sys_reset_cmd                            0x200006dc   Data          16  flexshellsys.o(FlexShellSection)
    __tagsym$$used                           0x200006ec   Number         0  flexshellsys.o(FlexShellSection)
    ps_cmd                                   0x200006ec   Data          16  flexshellsys.o(FlexShellSection)
    __tagsym$$used                           0x200006fc   Number         0  flexshellsys.o(FlexShellSection)
    suspend_cmd                              0x200006fc   Data          16  flexshellsys.o(FlexShellSection)
    __tagsym$$used                           0x2000070c   Number         0  flexshellsys.o(FlexShellSection)
    resume_cmd                               0x2000070c   Data          16  flexshellsys.o(FlexShellSection)
    __tagsym$$used                           0x2000071c   Number         0  flexshellsys.o(FlexShellSection)
    restart_cmd                              0x2000071c   Data          16  flexshellsys.o(FlexShellSection)
    __tagsym$$used                           0x2000072c   Number         0  flexshellsys.o(FlexShellSection)
    clear_cmd                                0x2000072c   Data          16  flexshellsys.o(FlexShellSection)
    SetTime_cmd                              0x2000073c   Data          16  flexshellsys.o(FlexShellSection)
    __tagsym$$used                           0x2000073c   Number         0  flexshellsys.o(FlexShellSection)
    __tagsym$$used                           0x2000074c   Number         0  flexshellsys.o(FlexShellSection)
    getTime_cmd                              0x2000074c   Data          16  flexshellsys.o(FlexShellSection)
    FlexShellSection                         0x2000075c   Section      128  flexshelluser.o(FlexShellSection)
    __tagsym$$used                           0x2000075c   Number         0  flexshelluser.o(FlexShellSection)
    led_cmd                                  0x2000075c   Data          16  flexshelluser.o(FlexShellSection)
    __tagsym$$used                           0x2000076c   Number         0  flexshelluser.o(FlexShellSection)
    motor_cmd                                0x2000076c   Data          16  flexshelluser.o(FlexShellSection)
    __tagsym$$used                           0x2000077c   Number         0  flexshelluser.o(FlexShellSection)
    infrared_cmd                             0x2000077c   Data          16  flexshelluser.o(FlexShellSection)
    __tagsym$$used                           0x2000078c   Number         0  flexshelluser.o(FlexShellSection)
    humitemp_cmd                             0x2000078c   Data          16  flexshelluser.o(FlexShellSection)
    __tagsym$$used                           0x2000079c   Number         0  flexshelluser.o(FlexShellSection)
    fifo_cmd                                 0x2000079c   Data          16  flexshelluser.o(FlexShellSection)
    __tagsym$$used                           0x200007ac   Number         0  flexshelluser.o(FlexShellSection)
    at_cmd                                   0x200007ac   Data          16  flexshelluser.o(FlexShellSection)
    __tagsym$$used                           0x200007bc   Number         0  flexshelluser.o(FlexShellSection)
    board_cmd                                0x200007bc   Data          16  flexshelluser.o(FlexShellSection)
    __tagsym$$used                           0x200007cc   Number         0  flexshelluser.o(FlexShellSection)
    module_cmd                               0x200007cc   Data          16  flexshelluser.o(FlexShellSection)
    .bss                                     0x200007dc   Section       12  app_aep_profile.o(.bss)
    BSP_status                               0x200007dc   Data          12  app_aep_profile.o(.bss)
    .bss                                     0x200007e8   Section       40  bc28_thread.o(.bss)
    BC28_recv_event                          0x200007fc   Data          20  bc28_thread.o(.bss)
    .bss                                     0x20000810   Section     2192  nb_thread.o(.bss)
    recv_buf                                 0x20000810   Data        1024  nb_thread.o(.bss)
    m_args_data                              0x20000c10   Data          84  nb_thread.o(.bss)
    recv_fifo_buff                           0x20000c64   Data        1024  nb_thread.o(.bss)
    recv_fifo                                0x20001064   Data          20  nb_thread.o(.bss)
    .bss                                     0x200010a0   Section       20  nb_thread.o(.bss)
    .bss                                     0x200010b4   Section       25  nb_thread.o(.bss)
    .bss                                     0x200010d0   Section      336  app_uart.o(.bss)
    m_huart                                  0x200011d0   Data          64  app_uart.o(.bss)
    current_buf                              0x20001210   Data          16  app_uart.o(.bss)
    .bss                                     0x20001220   Section      196  log_uart.o(.bss)
    m_huart                                  0x20001220   Data          64  log_uart.o(.bss)
    log_uart_buf                             0x20001260   Data         132  log_uart.o(.bss)
    .bss                                     0x200012e4   Section      512  flexshell.o(.bss)
    shell_recv_buf                           0x200012e4   Data         512  flexshell.o(.bss)
    .bss                                     0x200014e4   Section       52  flexshelluser.o(.bss)
    test_buf                                 0x200014e4   Data          32  flexshelluser.o(.bss)
    m_fifo_ram                               0x20001504   Data          20  flexshelluser.o(.bss)
    .bss                                     0x20001518   Section      524  os_soft_timer.o(.bss)
    .bss                                     0x20001724   Section       84  main.o(.bss)
    .bss                                     0x20001778   Section       44  localtime.o(.bss)
    _tms                                     0x20001778   Data          44  localtime.o(.bss)
    .bss                                     0x200017a4   Section       26  asctime.o(.bss)
    result                                   0x200017a4   Data          26  asctime.o(.bss)
    HEAP                                     0x200017c0   Section      512  startup_stm32f103xb.o(HEAP)
    STACK                                    0x200019c0   Section     1024  startup_stm32f103xb.o(STACK)

    Global Symbols

    Symbol Name                              Value     Ov Type        Size  Object(Section)

    BuildAttributes$$THM_ISAv4$P$D$K$B$S$PE$A:L22UL41UL21$X:L11$S22US41US21$IEEE1$IW$USESV6$~STKCKD$USESV7$~SHL$OTIME$ROPI$EBA8$MICROLIB$REQ8$PRES8$EABIv2 0x00000000   Number         0  anon$$obj.o ABSOLUTE
    __ARM_use_no_argv                        0x00000000   Number         0  main.o ABSOLUTE
    _printf_a                                0x00000000   Number         0  stubs.o ABSOLUTE
    _printf_c                                0x00000000   Number         0  stubs.o ABSOLUTE
    _printf_charcount                        0x00000000   Number         0  stubs.o ABSOLUTE
    _printf_d                                0x00000000   Number         0  stubs.o ABSOLUTE
    _printf_e                                0x00000000   Number         0  stubs.o ABSOLUTE
    _printf_f                                0x00000000   Number         0  stubs.o ABSOLUTE
    _printf_flags                            0x00000000   Number         0  stubs.o ABSOLUTE
    _printf_fp_dec                           0x00000000   Number         0  stubs.o ABSOLUTE
    _printf_fp_hex                           0x00000000   Number         0  stubs.o ABSOLUTE
    _printf_g                                0x00000000   Number         0  stubs.o ABSOLUTE
    _printf_i                                0x00000000   Number         0  stubs.o ABSOLUTE
    _printf_int_dec                          0x00000000   Number         0  stubs.o ABSOLUTE
    _printf_l                                0x00000000   Number         0  stubs.o ABSOLUTE
    _printf_lc                               0x00000000   Number         0  stubs.o ABSOLUTE
    _printf_ll                               0x00000000   Number         0  stubs.o ABSOLUTE
    _printf_lld                              0x00000000   Number         0  stubs.o ABSOLUTE
    _printf_lli                              0x00000000   Number         0  stubs.o ABSOLUTE
    _printf_llo                              0x00000000   Number         0  stubs.o ABSOLUTE
    _printf_llu                              0x00000000   Number         0  stubs.o ABSOLUTE
    _printf_llx                              0x00000000   Number         0  stubs.o ABSOLUTE
    _printf_longlong_dec                     0x00000000   Number         0  stubs.o ABSOLUTE
    _printf_longlong_hex                     0x00000000   Number         0  stubs.o ABSOLUTE
    _printf_longlong_oct                     0x00000000   Number         0  stubs.o ABSOLUTE
    _printf_ls                               0x00000000   Number         0  stubs.o ABSOLUTE
    _printf_mbtowc                           0x00000000   Number         0  stubs.o ABSOLUTE
    _printf_n                                0x00000000   Number         0  stubs.o ABSOLUTE
    _printf_o                                0x00000000   Number         0  stubs.o ABSOLUTE
    _printf_p                                0x00000000   Number         0  stubs.o ABSOLUTE
    _printf_percent                          0x00000000   Number         0  stubs.o ABSOLUTE
    _printf_pre_padding                      0x00000000   Number         0  stubs.o ABSOLUTE
    _printf_return_value                     0x00000000   Number         0  stubs.o ABSOLUTE
    _printf_s                                0x00000000   Number         0  stubs.o ABSOLUTE
    _printf_sizespec                         0x00000000   Number         0  stubs.o ABSOLUTE
    _printf_str                              0x00000000   Number         0  stubs.o ABSOLUTE
    _printf_truncate_signed                  0x00000000   Number         0  stubs.o ABSOLUTE
    _printf_truncate_unsigned                0x00000000   Number         0  stubs.o ABSOLUTE
    _printf_u                                0x00000000   Number         0  stubs.o ABSOLUTE
    _printf_wc                               0x00000000   Number         0  stubs.o ABSOLUTE
    _printf_wctomb                           0x00000000   Number         0  stubs.o ABSOLUTE
    _printf_widthprec                        0x00000000   Number         0  stubs.o ABSOLUTE
    _printf_x                                0x00000000   Number         0  stubs.o ABSOLUTE
    __arm_fini_                               - Undefined Weak Reference
    __cpp_initialize__aeabi_                  - Undefined Weak Reference
    __cxa_finalize                            - Undefined Weak Reference
    _clock_init                               - Undefined Weak Reference
    _microlib_exit                            - Undefined Weak Reference
    __Vectors_Size                           0x000000ec   Number         0  startup_stm32f103xb.o ABSOLUTE
    __Vectors                                0x08000000   Data           4  startup_stm32f103xb.o(RESET)
    __Vectors_End                            0x080000ec   Data           0  startup_stm32f103xb.o(RESET)
    __main                                   0x080000ed   Thumb Code     0  entry.o(.ARM.Collect$$$$00000000)
    _main_stk                                0x080000ed   Thumb Code     0  entry2.o(.ARM.Collect$$$$00000001)
    _main_scatterload                        0x080000f1   Thumb Code     0  entry5.o(.ARM.Collect$$$$00000004)
    __main_after_scatterload                 0x080000f5   Thumb Code     0  entry5.o(.ARM.Collect$$$$00000004)
    _main_clock                              0x080000f5   Thumb Code     0  entry7b.o(.ARM.Collect$$$$00000008)
    _main_cpp_init                           0x080000f5   Thumb Code     0  entry8b.o(.ARM.Collect$$$$0000000A)
    _main_init                               0x080000f5   Thumb Code     0  entry9a.o(.ARM.Collect$$$$0000000B)
    __rt_lib_shutdown_fini                   0x080000fd   Thumb Code     0  entry12b.o(.ARM.Collect$$$$0000000E)
    __rt_final_cpp                           0x08000101   Thumb Code     0  entry10a.o(.ARM.Collect$$$$0000000F)
    __rt_final_exit                          0x08000101   Thumb Code     0  entry11a.o(.ARM.Collect$$$$00000011)
    Reset_Handler                            0x08000105   Thumb Code     8  startup_stm32f103xb.o(.text)
    ADC1_2_IRQHandler                        0x0800011f   Thumb Code     0  startup_stm32f103xb.o(.text)
    CAN1_RX1_IRQHandler                      0x0800011f   Thumb Code     0  startup_stm32f103xb.o(.text)
    CAN1_SCE_IRQHandler                      0x0800011f   Thumb Code     0  startup_stm32f103xb.o(.text)
    DMA1_Channel1_IRQHandler                 0x0800011f   Thumb Code     0  startup_stm32f103xb.o(.text)
    DMA1_Channel2_IRQHandler                 0x0800011f   Thumb Code     0  startup_stm32f103xb.o(.text)
    DMA1_Channel3_IRQHandler                 0x0800011f   Thumb Code     0  startup_stm32f103xb.o(.text)
    DMA1_Channel4_IRQHandler                 0x0800011f   Thumb Code     0  startup_stm32f103xb.o(.text)
    DMA1_Channel5_IRQHandler                 0x0800011f   Thumb Code     0  startup_stm32f103xb.o(.text)
    DMA1_Channel6_IRQHandler                 0x0800011f   Thumb Code     0  startup_stm32f103xb.o(.text)
    DMA1_Channel7_IRQHandler                 0x0800011f   Thumb Code     0  startup_stm32f103xb.o(.text)
    EXTI0_IRQHandler                         0x0800011f   Thumb Code     0  startup_stm32f103xb.o(.text)
    EXTI15_10_IRQHandler                     0x0800011f   Thumb Code     0  startup_stm32f103xb.o(.text)
    EXTI1_IRQHandler                         0x0800011f   Thumb Code     0  startup_stm32f103xb.o(.text)
    EXTI2_IRQHandler                         0x0800011f   Thumb Code     0  startup_stm32f103xb.o(.text)
    EXTI3_IRQHandler                         0x0800011f   Thumb Code     0  startup_stm32f103xb.o(.text)
    EXTI4_IRQHandler                         0x0800011f   Thumb Code     0  startup_stm32f103xb.o(.text)
    EXTI9_5_IRQHandler                       0x0800011f   Thumb Code     0  startup_stm32f103xb.o(.text)
    FLASH_IRQHandler                         0x0800011f   Thumb Code     0  startup_stm32f103xb.o(.text)
    I2C1_ER_IRQHandler                       0x0800011f   Thumb Code     0  startup_stm32f103xb.o(.text)
    I2C1_EV_IRQHandler                       0x0800011f   Thumb Code     0  startup_stm32f103xb.o(.text)
    I2C2_ER_IRQHandler                       0x0800011f   Thumb Code     0  startup_stm32f103xb.o(.text)
    I2C2_EV_IRQHandler                       0x0800011f   Thumb Code     0  startup_stm32f103xb.o(.text)
    PVD_IRQHandler                           0x0800011f   Thumb Code     0  startup_stm32f103xb.o(.text)
    RCC_IRQHandler                           0x0800011f   Thumb Code     0  startup_stm32f103xb.o(.text)
    RTC_Alarm_IRQHandler                     0x0800011f   Thumb Code     0  startup_stm32f103xb.o(.text)
    RTC_IRQHandler                           0x0800011f   Thumb Code     0  startup_stm32f103xb.o(.text)
    SPI1_IRQHandler                          0x0800011f   Thumb Code     0  startup_stm32f103xb.o(.text)
    SPI2_IRQHandler                          0x0800011f   Thumb Code     0  startup_stm32f103xb.o(.text)
    TAMPER_IRQHandler                        0x0800011f   Thumb Code     0  startup_stm32f103xb.o(.text)
    TIM1_BRK_IRQHandler                      0x0800011f   Thumb Code     0  startup_stm32f103xb.o(.text)
    TIM1_CC_IRQHandler                       0x0800011f   Thumb Code     0  startup_stm32f103xb.o(.text)
    TIM1_TRG_COM_IRQHandler                  0x0800011f   Thumb Code     0  startup_stm32f103xb.o(.text)
    TIM1_UP_IRQHandler                       0x0800011f   Thumb Code     0  startup_stm32f103xb.o(.text)
    TIM2_IRQHandler                          0x0800011f   Thumb Code     0  startup_stm32f103xb.o(.text)
    TIM3_IRQHandler                          0x0800011f   Thumb Code     0  startup_stm32f103xb.o(.text)
    TIM4_IRQHandler                          0x0800011f   Thumb Code     0  startup_stm32f103xb.o(.text)
    USART3_IRQHandler                        0x0800011f   Thumb Code     0  startup_stm32f103xb.o(.text)
    USBWakeUp_IRQHandler                     0x0800011f   Thumb Code     0  startup_stm32f103xb.o(.text)
    USB_HP_CAN1_TX_IRQHandler                0x0800011f   Thumb Code     0  startup_stm32f103xb.o(.text)
    USB_LP_CAN1_RX0_IRQHandler               0x0800011f   Thumb Code     0  startup_stm32f103xb.o(.text)
    WWDG_IRQHandler                          0x0800011f   Thumb Code     0  startup_stm32f103xb.o(.text)
    __aeabi_llsr                             0x08000129   Thumb Code    32  llushr.o(.text)
    _ll_ushift_r                             0x08000129   Thumb Code     0  llushr.o(.text)
    toupper                                  0x08000149   Thumb Code    12  toupper.o(.text)
    localtime                                0x08000155   Thumb Code   138  localtime.o(.text)
    asctime                                  0x080001e9   Thumb Code   172  asctime.o(.text)
    ctime                                    0x080002a5   Thumb Code    14  ctime.o(.text)
    __aeabi_memcpy                           0x080002b3   Thumb Code    36  memcpya.o(.text)
    __aeabi_memcpy4                          0x080002b3   Thumb Code     0  memcpya.o(.text)
    __aeabi_memcpy8                          0x080002b3   Thumb Code     0  memcpya.o(.text)
    __aeabi_memset                           0x080002d7   Thumb Code    14  memseta.o(.text)
    __aeabi_memset4                          0x080002d7   Thumb Code     0  memseta.o(.text)
    __aeabi_memset8                          0x080002d7   Thumb Code     0  memseta.o(.text)
    __aeabi_memclr                           0x080002e5   Thumb Code     4  memseta.o(.text)
    __aeabi_memclr4                          0x080002e5   Thumb Code     0  memseta.o(.text)
    __aeabi_memclr8                          0x080002e5   Thumb Code     0  memseta.o(.text)
    _memset$wrapper                          0x080002e9   Thumb Code    18  memseta.o(.text)
    strstr                                   0x080002fb   Thumb Code    36  strstr.o(.text)
    strlen                                   0x0800031f   Thumb Code    14  strlen.o(.text)
    strcmp                                   0x0800032d   Thumb Code    28  strcmp.o(.text)
    strtol                                   0x08000349   Thumb Code   112  strtol.o(.text)
    atoi                                     0x080003b9   Thumb Code    26  atoi.o(.text)
    atol                                     0x080003d3   Thumb Code    26  atol.o(.text)
    __aeabi_fadd                             0x080003ed   Thumb Code   164  fadd.o(.text)
    __aeabi_fsub                             0x08000491   Thumb Code     6  fadd.o(.text)
    __aeabi_frsub                            0x08000497   Thumb Code     6  fadd.o(.text)
    __aeabi_fmul                             0x0800049d   Thumb Code   100  fmul.o(.text)
    __aeabi_fdiv                             0x08000501   Thumb Code   124  fdiv.o(.text)
    __ARM_scalbnf                            0x0800057d   Thumb Code    24  fscalb.o(.text)
    scalbnf                                  0x0800057d   Thumb Code     0  fscalb.o(.text)
    __aeabi_i2f                              0x08000595   Thumb Code    18  fflti.o(.text)
    __aeabi_ui2f                             0x080005a7   Thumb Code    10  ffltui.o(.text)
    __aeabi_f2iz                             0x080005b1   Thumb Code    50  ffixi.o(.text)
    __aeabi_f2uiz                            0x080005e3   Thumb Code    40  ffixui.o(.text)
    __aeabi_f2d                              0x0800060b   Thumb Code    38  f2d.o(.text)
    __aeabi_uidiv                            0x08000631   Thumb Code     0  uidiv.o(.text)
    __aeabi_uidivmod                         0x08000631   Thumb Code    44  uidiv.o(.text)
    __aeabi_uldivmod                         0x0800065d   Thumb Code    98  uldiv.o(.text)
    __rt_ctype_table                         0x080006c1   Thumb Code     4  ctype_o.o(.text)
    _strtoul                                 0x080006c9   Thumb Code   158  _strtoul.o(.text)
    __I$use$fp                               0x08000767   Thumb Code     0  iusefp.o(.text)
    _float_round                             0x08000767   Thumb Code    18  fepilogue.o(.text)
    _float_epilogue                          0x08000779   Thumb Code    92  fepilogue.o(.text)
    __aeabi_dadd                             0x080007d5   Thumb Code   322  dadd.o(.text)
    __aeabi_dsub                             0x08000917   Thumb Code     6  dadd.o(.text)
    __aeabi_drsub                            0x0800091d   Thumb Code     6  dadd.o(.text)
    __aeabi_dmul                             0x08000923   Thumb Code   228  dmul.o(.text)
    __aeabi_ddiv                             0x08000a07   Thumb Code   222  ddiv.o(.text)
    __aeabi_d2ulz                            0x08000ae5   Thumb Code    48  dfixul.o(.text)
    __aeabi_cdrcmple                         0x08000b15   Thumb Code    48  cdrcmple.o(.text)
    __scatterload                            0x08000b45   Thumb Code    28  init.o(.text)
    __scatterload_rt2                        0x08000b45   Thumb Code     0  init.o(.text)
    __aeabi_llsl                             0x08000b69   Thumb Code    30  llshl.o(.text)
    _ll_shift_l                              0x08000b69   Thumb Code     0  llshl.o(.text)
    __aeabi_lasr                             0x08000b87   Thumb Code    36  llsshr.o(.text)
    _ll_sshift_r                             0x08000b87   Thumb Code     0  llsshr.o(.text)
    _chval                                   0x08000bab   Thumb Code    28  _chval.o(.text)
    _double_round                            0x08000bc7   Thumb Code    30  depilogue.o(.text)
    _double_epilogue                         0x08000be5   Thumb Code   156  depilogue.o(.text)
    __decompress                             0x08000c81   Thumb Code     0  __dczerorl2.o(.text)
    __decompress1                            0x08000c81   Thumb Code    86  __dczerorl2.o(.text)
    BC28_thread_init                         0x08000cd9   Thumb Code    74  bc28_thread.o(i.BC28_thread_init)
    BusFault_Handler                         0x08000d59   Thumb Code     2  stm32f1xx_it.o(i.BusFault_Handler)
    DebugMon_Handler                         0x08000d5b   Thumb Code     2  stm32f1xx_it.o(i.DebugMon_Handler)
    FlexShell_init                           0x08000d5d   Thumb Code    12  flexshell.o(i.FlexShell_init)
    FlexShell_port_init                      0x08000da5   Thumb Code    20  flexshell_port.o(i.FlexShell_port_init)
    FlexShell_thread_handle                  0x08000dc1   Thumb Code    34  flexshell.o(i.FlexShell_thread_handle)
    HAL_Delay                                0x08000ded   Thumb Code    32  stm32f1xx_hal.o(i.HAL_Delay)
    HAL_GPIO_Init                            0x08000e11   Thumb Code   408  stm32f1xx_hal_gpio.o(i.HAL_GPIO_Init)
    HAL_GPIO_ReadPin                         0x08000fcd   Thumb Code    10  stm32f1xx_hal_gpio.o(i.HAL_GPIO_ReadPin)
    HAL_GPIO_WritePin                        0x08000fd7   Thumb Code    10  stm32f1xx_hal_gpio.o(i.HAL_GPIO_WritePin)
    HAL_GetTick                              0x08000fe1   Thumb Code     6  stm32f1xx_hal.o(i.HAL_GetTick)
    HAL_I2C_Init                             0x08000fed   Thumb Code   302  stm32f1xx_hal_i2c.o(i.HAL_I2C_Init)
    HAL_I2C_Mem_Read                         0x0800112d   Thumb Code   530  stm32f1xx_hal_i2c.o(i.HAL_I2C_Mem_Read)
    HAL_I2C_Mem_Write                        0x0800134d   Thumb Code   306  stm32f1xx_hal_i2c.o(i.HAL_I2C_Mem_Write)
    HAL_I2C_MspInit                          0x08001489   Thumb Code    54  stm32f1xx_hal_msp.o(i.HAL_I2C_MspInit)
    HAL_IncTick                              0x080014cd   Thumb Code    12  stm32f1xx_hal.o(i.HAL_IncTick)
    HAL_Init                                 0x080014dd   Thumb Code    32  stm32f1xx_hal.o(i.HAL_Init)
    HAL_InitTick                             0x08001501   Thumb Code    54  stm32f1xx_hal.o(i.HAL_InitTick)
    HAL_MspInit                              0x08001541   Thumb Code   118  stm32f1xx_hal_msp.o(i.HAL_MspInit)
    HAL_NVIC_EnableIRQ                       0x080015c1   Thumb Code    22  stm32f1xx_hal_cortex.o(i.HAL_NVIC_EnableIRQ)
    HAL_NVIC_SetPriority                     0x080015d9   Thumb Code    60  stm32f1xx_hal_cortex.o(i.HAL_NVIC_SetPriority)
    HAL_NVIC_SetPriorityGrouping             0x08001619   Thumb Code    26  stm32f1xx_hal_cortex.o(i.HAL_NVIC_SetPriorityGrouping)
    HAL_NVIC_SystemReset                     0x0800163d   Thumb Code    26  stm32f1xx_hal_cortex.o(i.HAL_NVIC_SystemReset)
    HAL_RCCEx_PeriphCLKConfig                0x08001661   Thumb Code   224  stm32f1xx_hal_rcc_ex.o(i.HAL_RCCEx_PeriphCLKConfig)
    HAL_RCC_ClockConfig                      0x0800174d   Thumb Code   322  stm32f1xx_hal_rcc.o(i.HAL_RCC_ClockConfig)
    HAL_RCC_GetHCLKFreq                      0x080018a1   Thumb Code     6  stm32f1xx_hal_rcc.o(i.HAL_RCC_GetHCLKFreq)
    HAL_RCC_GetPCLK1Freq                     0x080018ad   Thumb Code    20  stm32f1xx_hal_rcc.o(i.HAL_RCC_GetPCLK1Freq)
    HAL_RCC_GetPCLK2Freq                     0x080018cd   Thumb Code    20  stm32f1xx_hal_rcc.o(i.HAL_RCC_GetPCLK2Freq)
    HAL_RCC_GetSysClockFreq                  0x080018ed   Thumb Code    74  stm32f1xx_hal_rcc.o(i.HAL_RCC_GetSysClockFreq)
    HAL_RCC_OscConfig                        0x08001959   Thumb Code   750  stm32f1xx_hal_rcc.o(i.HAL_RCC_OscConfig)
    HAL_SYSTICK_CLKSourceConfig              0x08001c5d   Thumb Code    24  stm32f1xx_hal_cortex.o(i.HAL_SYSTICK_CLKSourceConfig)
    HAL_SYSTICK_Callback                     0x08001c75   Thumb Code     2  stm32f1xx_hal_cortex.o(i.HAL_SYSTICK_Callback)
    HAL_SYSTICK_Config                       0x08001c77   Thumb Code    40  stm32f1xx_hal_cortex.o(i.HAL_SYSTICK_Config)
    HAL_SYSTICK_IRQHandler                   0x08001c9f   Thumb Code     8  stm32f1xx_hal_cortex.o(i.HAL_SYSTICK_IRQHandler)
    HAL_UART_MspInit                         0x08001ca9   Thumb Code   158  stm32f1xx_hal_msp.o(i.HAL_UART_MspInit)
    HTS221_Calibration                       0x08001d59   Thumb Code   436  hts221.o(i.HTS221_Calibration)
    HTS221_GetHumidity                       0x08001f11   Thumb Code   264  hts221.o(i.HTS221_GetHumidity)
    HTS221_GetTemperature                    0x08002021   Thumb Code   250  hts221.o(i.HTS221_GetTemperature)
    HTS221_who_am_i                          0x08002121   Thumb Code    38  hts221.o(i.HTS221_who_am_i)
    HardFault_Handler                        0x08002147   Thumb Code     6  stm32f1xx_it.o(i.HardFault_Handler)
    HexToStr                                 0x0800214d   Thumb Code    50  aepservicecodes.o(i.HexToStr)
    MemManage_Handler                        0x0800266d   Thumb Code     2  stm32f1xx_it.o(i.MemManage_Handler)
    NMI_Handler                              0x0800266f   Thumb Code     2  stm32f1xx_it.o(i.NMI_Handler)
    OSSemCreat                               0x08002691   Thumb Code    18  os_sem.o(i.OSSemCreat)
    OSSemPend                                0x080026a3   Thumb Code    26  os_sem.o(i.OSSemPend)
    OSSemPost                                0x080026bd   Thumb Code    22  os_sem.o(i.OSSemPost)
    PendSV_Handler                           0x080026d3   Thumb Code     2  stm32f1xx_it.o(i.PendSV_Handler)
    SVC_Handler                              0x080026d5   Thumb Code     2  stm32f1xx_it.o(i.SVC_Handler)
    StrToHex                                 0x080026d9   Thumb Code    80  aepservicecodes.o(i.StrToHex)
    SysTick_Handler                          0x08002729   Thumb Code    18  stm32f1xx_it.o(i.SysTick_Handler)
    SystemClock_Config                       0x0800273b   Thumb Code   128  main.o(i.SystemClock_Config)
    SystemInit                               0x080027bd   Thumb Code    56  system_stm32f1xx.o(i.SystemInit)
    UART_SetConfig                           0x08002805   Thumb Code   364  stm32f1xx_hal_uart.o(i.UART_SetConfig)
    USART1_IRQHandler                        0x08002975   Thumb Code    86  app_uart.o(i.USART1_IRQHandler)
    USART2_IRQHandler                        0x080029dd   Thumb Code   102  log_uart.o(i.USART2_IRQHandler)
    UsageFault_Handler                       0x08002a51   Thumb Code     2  stm32f1xx_it.o(i.UsageFault_Handler)
    __0printf                                0x08002c39   Thumb Code    22  printfa.o(i.__0printf)
    __1printf                                0x08002c39   Thumb Code     0  printfa.o(i.__0printf)
    __2printf                                0x08002c39   Thumb Code     0  printfa.o(i.__0printf)
    __c89printf                              0x08002c39   Thumb Code     0  printfa.o(i.__0printf)
    printf                                   0x08002c39   Thumb Code     0  printfa.o(i.__0printf)
    __0sprintf                               0x08002c59   Thumb Code    34  printfa.o(i.__0sprintf)
    __1sprintf                               0x08002c59   Thumb Code     0  printfa.o(i.__0sprintf)
    __2sprintf                               0x08002c59   Thumb Code     0  printfa.o(i.__0sprintf)
    __c89sprintf                             0x08002c59   Thumb Code     0  printfa.o(i.__0sprintf)
    sprintf                                  0x08002c59   Thumb Code     0  printfa.o(i.__0sprintf)
    __aeabi_errno_addr                       0x08002c81   Thumb Code     4  errno.o(i.__aeabi_errno_addr)
    __rt_errno_addr                          0x08002c81   Thumb Code     0  errno.o(i.__aeabi_errno_addr)
    __scatterload_copy                       0x08002c89   Thumb Code    14  handlers.o(i.__scatterload_copy)
    __scatterload_null                       0x08002c97   Thumb Code     2  handlers.o(i.__scatterload_null)
    __scatterload_zeroinit                   0x08002c99   Thumb Code    14  handlers.o(i.__scatterload_zeroinit)
    aep_htonf                                0x0800353d   Thumb Code    12  aepservicecodes.o(i.aep_htonf)
    aep_htoni                                0x0800354d   Thumb Code    12  aepservicecodes.o(i.aep_htoni)
    aep_htons                                0x0800355d   Thumb Code    12  aepservicecodes.o(i.aep_htons)
    aep_thread_init                          0x0800356d   Thumb Code    60  app_aep_profile.o(i.aep_thread_init)
    app_thread_init                          0x080035e9   Thumb Code    18  user_main.o(i.app_thread_init)
    app_uart_init                            0x080035fd   Thumb Code    30  app_uart.o(i.app_uart_init)
    app_uart_register_fifo                   0x08003625   Thumb Code    24  app_uart.o(i.app_uart_register_fifo)
    at_get_CON_result                        0x08003705   Thumb Code    20  bc28_thread.o(i.at_get_CON_result)
    at_get_rsp                               0x0800388d   Thumb Code   216  nb_thread.o(i.at_get_rsp)
    at_send_data                             0x08003d29   Thumb Code    38  nb_thread.o(i.at_send_data)
    at_set_rsp                               0x08003d55   Thumb Code   124  nb_thread.o(i.at_set_rsp)
    bsp_init                                 0x08003fc1   Thumb Code    56  bsp.o(i.bsp_init)
    bsp_thread_init                          0x0800400d   Thumb Code    20  bsp_thread.o(i.bsp_thread_init)
    codeDataReportByIdentifierToStr          0x08004049   Thumb Code   296  aepservicecodes.o(i.codeDataReportByIdentifierToStr)
    decodeCmdDownFromStr                     0x08004215   Thumb Code   322  aepservicecodes.o(i.decodeCmdDownFromStr)
    decode_aep_data                          0x08004399   Thumb Code   552  app_aep_profile.o(i.decode_aep_data)
    delay_ms                                 0x08004745   Thumb Code     4  delay.o(i.delay_ms)
    fifo_get                                 0x0800495d   Thumb Code   106  fifo.o(i.fifo_get)
    fifo_init                                0x080049c7   Thumb Code    30  fifo.o(i.fifo_init)
    fifo_put                                 0x080049e5   Thumb Code    94  fifo.o(i.fifo_put)
    fputc                                    0x08004a61   Thumb Code    16  app_uart.o(i.fputc)
    free                                     0x08004a75   Thumb Code    76  malloc.o(i.free)
    getStatus                                0x08004ac5   Thumb Code   118  bsp.o(i.getStatus)
    get_hum_temp                             0x08004bbd   Thumb Code    12  bsp_thread.o(i.get_hum_temp)
    get_thread                               0x08004bcd   Thumb Code    26  thread.o(i.get_thread)
    get_thread_name                          0x08004bed   Thumb Code    36  thread.o(i.get_thread_name)
    info_report_CodeDataReport               0x08004c99   Thumb Code   414  aepservicecodes.o(i.info_report_CodeDataReport)
    isLittleEndian                           0x08004e3d   Thumb Code    14  util.o(i.isLittleEndian)
    led_read                                 0x08004e51   Thumb Code    18  led.o(i.led_read)
    led_write                                0x08004e69   Thumb Code   124  led.o(i.led_write)
    log_read                                 0x08004eed   Thumb Code    18  tinylog.o(i.log_read)
    log_uart_init                            0x08004f61   Thumb Code    20  log_uart.o(i.log_uart_init)
    log_uart_read                            0x08004f7d   Thumb Code    50  log_uart.o(i.log_uart_read)
    main                                     0x08004fdd   Thumb Code    26  main.o(i.main)
    malloc                                   0x08004ff9   Thumb Code    92  malloc.o(i.malloc)
    module_power_on                          0x0800517d   Thumb Code    58  bsp.o(i.module_power_on)
    module_reset                             0x080051bd   Thumb Code    54  bsp.o(i.module_reset)
    motor_control_DecodeCmdDown              0x080051f9   Thumb Code    46  aepservicecodes.o(i.motor_control_DecodeCmdDown)
    motor_control_ack_CodeCmdResponse        0x08005229   Thumb Code   132  aepservicecodes.o(i.motor_control_ack_CodeCmdResponse)
    motor_led0_DecodeCmdDown                 0x080052b1   Thumb Code    46  aepservicecodes.o(i.motor_led0_DecodeCmdDown)
    motor_led0_ack_CodeCmdResponse           0x080052e1   Thumb Code   132  aepservicecodes.o(i.motor_led0_ack_CodeCmdResponse)
    motor_read                               0x08005369   Thumb Code     8  motor.o(i.motor_read)
    motor_write                              0x08005375   Thumb Code    66  motor.o(i.motor_write)
    nb_register_syn_ack                      0x08005431   Thumb Code     6  nb_thread.o(i.nb_register_syn_ack)
    nb_send                                  0x0800543d   Thumb Code   122  nb_thread.o(i.nb_send)
    nb_syn_process                           0x08005519   Thumb Code    12  nb_thread.o(i.nb_syn_process)
    nb_thread_init                           0x08005529   Thumb Code   138  nb_thread.o(i.nb_thread_init)
    os_event_create                          0x080056e9   Thumb Code    38  os_event.o(i.os_event_create)
    os_event_pend_event                      0x08005731   Thumb Code    68  os_event.o(i.os_event_pend_event)
    os_event_post_event                      0x080057b1   Thumb Code    84  os_event.o(i.os_event_post_event)
    os_event_set_event                       0x08005841   Thumb Code    40  os_event.o(i.os_event_set_event)
    os_time_get_timetick                     0x080058f5   Thumb Code     6  os_time.o(i.os_time_get_timetick)
    os_time_set_timetick                     0x08005901   Thumb Code     6  os_time.o(i.os_time_set_timetick)
    os_time_tick_handle                      0x0800590d   Thumb Code    58  os_time.o(i.os_time_tick_handle)
    platform_init                            0x08005951   Thumb Code    74  bsp.o(i.platform_init)
    print_all_reg                            0x08005a75   Thumb Code   632  hts221.o(i.print_all_reg)
    read_IR_value                            0x08007ded   Thumb Code    16  bsp.o(i.read_IR_value)
    read_key_value                           0x08007e01   Thumb Code    34  bsp.o(i.read_key_value)
    report_control_DecodeCmdDown             0x08007e51   Thumb Code    46  aepservicecodes.o(i.report_control_DecodeCmdDown)
    report_control_ack_CodeCmdResponse       0x08007e81   Thumb Code   132  aepservicecodes.o(i.report_control_ack_CodeCmdResponse)
    report_period_set_DecodeCmdDown          0x08007f09   Thumb Code    46  aepservicecodes.o(i.report_period_set_DecodeCmdDown)
    report_period_set_ack_CodeCmdResponse    0x08007f39   Thumb Code   132  aepservicecodes.o(i.report_period_set_ack_CodeCmdResponse)
    sensor_report_CodeDataReport             0x080083f1   Thumb Code   102  aepservicecodes.o(i.sensor_report_CodeDataReport)
    setStatus                                0x0800845d   Thumb Code    42  bsp.o(i.setStatus)
    shell_split                              0x08008515   Thumb Code   148  util.o(i.shell_split)
    signal_report_CodeDataReport             0x080085a9   Thumb Code   192  aepservicecodes.o(i.signal_report_CodeDataReport)
    soft_timer_init                          0x0800866d   Thumb Code    68  os_soft_timer.o(i.soft_timer_init)
    soft_timer_register                      0x080086e5   Thumb Code   280  os_soft_timer.o(i.soft_timer_register)
    soft_timer_start                         0x08008801   Thumb Code    50  os_soft_timer.o(i.soft_timer_start)
    soft_timer_stop                          0x08008839   Thumb Code    16  os_soft_timer.o(i.soft_timer_stop)
    t_strtok                                 0x080088c1   Thumb Code    94  util.o(i.t_strtok)
    temperature_humidity_report_CodeDataReport 0x08008921   Thumb Code   132  aepservicecodes.o(i.temperature_humidity_report_CodeDataReport)
    thread_os_delete                         0x080089a9   Thumb Code    72  thread.o(i.thread_os_delete)
    thread_os_register                       0x08008b01   Thumb Code    72  thread.o(i.thread_os_register)
    thread_os_restart                        0x08008b75   Thumb Code    60  thread.o(i.thread_os_restart)
    thread_os_resume                         0x08008c05   Thumb Code    58  thread.o(i.thread_os_resume)
    thread_os_start                          0x08008c99   Thumb Code   110  os_core.o(i.thread_os_start)
    thread_os_suspend                        0x08008d69   Thumb Code   100  thread.o(i.thread_os_suspend)
    thread_os_tick                           0x08008e4d   Thumb Code    30  os_port.o(i.thread_os_tick)
    thread_timer_tick                        0x08008e71   Thumb Code    50  os_soft_timer.o(i.thread_timer_tick)
    ths_data_CodeDataReport                  0x08008ead   Thumb Code   142  aepservicecodes.o(i.ths_data_CodeDataReport)
    ty_printf                                0x08008f41   Thumb Code    22  tinyprintf.o(i.ty_printf)
    ty_printf_init                           0x08008f59   Thumb Code     6  tinyprintf.o(i.ty_printf_init)
    ty_vprintf                               0x08008f65   Thumb Code   408  tinyprintf.o(i.ty_vprintf)
    user_main                                0x08009161   Thumb Code    26  user_main.o(i.user_main)
    AHBPrescTable                            0x0800918a   Data          16  system_stm32f1xx.o(.constdata)
    APBPrescTable                            0x0800919a   Data           8  system_stm32f1xx.o(.constdata)
    __ctype_table                            0x080091e7   Data         129  ctype_o.o(.constdata)
    Region$$Table$$Base                      0x08009988   Number         0  anon$$obj.o(Region$$Table)
    Region$$Table$$Limit                     0x080099a8   Number         0  anon$$obj.o(Region$$Table)
    at_module_BC28                           0x200000a4   Data        1232  bc28_thread.o(.data)
    current_at_module                        0x200005f0   Data          28  nb_thread.o(.data)
    T0_out                                   0x20000610   Data           2  hts221.o(.data)
    T1_out                                   0x20000612   Data           2  hts221.o(.data)
    H0_T0_out                                0x20000614   Data           2  hts221.o(.data)
    H1_T0_out                                0x20000616   Data           2  hts221.o(.data)
    T0_degC                                  0x20000618   Data           4  hts221.o(.data)
    T1_degC                                  0x2000061c   Data           4  hts221.o(.data)
    H0_rh                                    0x20000620   Data           4  hts221.o(.data)
    H1_rh                                    0x20000624   Data           4  hts221.o(.data)
    endianMode                               0x20000635   Data           1  util.o(.data)
    ty_write                                 0x20000660   Data           4  tinyprintf.o(.data)
    process_list                             0x20000668   Data           4  thread.o(.data)
    os_running                               0x2000066c   Data           1  os_core.o(.data)
    thread_use_tick                          0x20000670   Data           4  os_core.o(.data)
    current_thread                           0x20000674   Data           4  os_core.o(.data)
    uwTickFreq                               0x2000069c   Data           1  stm32f1xx_hal.o(.data)
    uwTickPrio                               0x200006a0   Data           4  stm32f1xx_hal.o(.data)
    uwTick                                   0x200006a4   Data           4  stm32f1xx_hal.o(.data)
    SystemCoreClock                          0x200006a8   Data           4  system_stm32f1xx.o(.data)
    __stdout                                 0x200006ac   Data           4  stdout.o(.data)
    __microlib_freelist                      0x200006b0   Data           4  mvars.o(.data)
    __microlib_freelist_initialised          0x200006b4   Data           4  mvars.o(.data)
    FlexShellSection$$Base                   0x200006bc   Number         0  flexshellsys.o(FlexShellSection)
    FlexShellSection$$Limit                  0x200007dc   Number         0  flexshelluser.o(FlexShellSection)
    BC28_event                               0x200007e8   Data          20  bc28_thread.o(.bss)
    NB_event                                 0x20001078   Data          20  nb_thread.o(.bss)
    NB_recv_event                            0x2000108c   Data          20  nb_thread.o(.bss)
    NB_IMEI                                  0x200010a0   Data          20  nb_thread.o(.bss)
    NB_ICCID                                 0x200010b4   Data          25  nb_thread.o(.bss)
    uart_buf                                 0x200010d0   Data         256  app_uart.o(.bss)
    OS_SoftTimer                             0x20001518   Data         524  os_soft_timer.o(.bss)
    hi2c1                                    0x20001724   Data          84  main.o(.bss)
    __heap_base                              0x200017c0   Data           0  startup_stm32f103xb.o(HEAP)
    __heap_limit                             0x200019c0   Data           0  startup_stm32f103xb.o(HEAP)
    __initial_sp                             0x20001dc0   Data           0  startup_stm32f103xb.o(STACK)



==============================================================================

Memory Map of the image

  Image Entry point : 0x080000ed

  Load Region LR_IROM1 (Base: 0x08000000, Size: 0x0000a184, Max: 0x00020000, ABSOLUTE, COMPRESSED[0x00009bb0])

    Execution Region ER_IROM1 (Exec base: 0x08000000, Load base: 0x08000000, Size: 0x000099a8, Max: 0x00020000, ABSOLUTE)

    Exec Addr    Load Addr    Size         Type   Attr      Idx    E Section Name        Object

    0x08000000   0x08000000   0x000000ec   Data   RO         3975    RESET               startup_stm32f103xb.o
    0x080000ec   0x080000ec   0x00000000   Code   RO         3980  * .ARM.Collect$$$$00000000  mc_w.l(entry.o)
    0x080000ec   0x080000ec   0x00000004   Code   RO         4322    .ARM.Collect$$$$00000001  mc_w.l(entry2.o)
    0x080000f0   0x080000f0   0x00000004   Code   RO         4325    .ARM.Collect$$$$00000004  mc_w.l(entry5.o)
    0x080000f4   0x080000f4   0x00000000   Code   RO         4327    .ARM.Collect$$$$00000008  mc_w.l(entry7b.o)
    0x080000f4   0x080000f4   0x00000000   Code   RO         4329    .ARM.Collect$$$$0000000A  mc_w.l(entry8b.o)
    0x080000f4   0x080000f4   0x00000008   Code   RO         4330    .ARM.Collect$$$$0000000B  mc_w.l(entry9a.o)
    0x080000fc   0x080000fc   0x00000004   Code   RO         4337    .ARM.Collect$$$$0000000E  mc_w.l(entry12b.o)
    0x08000100   0x08000100   0x00000000   Code   RO         4332    .ARM.Collect$$$$0000000F  mc_w.l(entry10a.o)
    0x08000100   0x08000100   0x00000000   Code   RO         4334    .ARM.Collect$$$$00000011  mc_w.l(entry11a.o)
    0x08000100   0x08000100   0x00000004   Code   RO         4323    .ARM.Collect$$$$00002712  mc_w.l(entry2.o)
    0x08000104   0x08000104   0x00000024   Code   RO         3976    .text               startup_stm32f103xb.o
    0x08000128   0x08000128   0x00000020   Code   RO         3983    .text               mc_w.l(llushr.o)
    0x08000148   0x08000148   0x0000000c   Code   RO         3985    .text               mc_w.l(toupper.o)
    0x08000154   0x08000154   0x00000094   Code   RO         3987    .text               mc_w.l(localtime.o)
    0x080001e8   0x080001e8   0x000000bc   Code   RO         3991    .text               mc_w.l(asctime.o)
    0x080002a4   0x080002a4   0x0000000e   Code   RO         3995    .text               mc_w.l(ctime.o)
    0x080002b2   0x080002b2   0x00000024   Code   RO         3997    .text               mc_w.l(memcpya.o)
    0x080002d6   0x080002d6   0x00000024   Code   RO         3999    .text               mc_w.l(memseta.o)
    0x080002fa   0x080002fa   0x00000024   Code   RO         4001    .text               mc_w.l(strstr.o)
    0x0800031e   0x0800031e   0x0000000e   Code   RO         4003    .text               mc_w.l(strlen.o)
    0x0800032c   0x0800032c   0x0000001c   Code   RO         4005    .text               mc_w.l(strcmp.o)
    0x08000348   0x08000348   0x00000070   Code   RO         4298    .text               mc_w.l(strtol.o)
    0x080003b8   0x080003b8   0x0000001a   Code   RO         4300    .text               mc_w.l(atoi.o)
    0x080003d2   0x080003d2   0x0000001a   Code   RO         4302    .text               mc_w.l(atol.o)
    0x080003ec   0x080003ec   0x000000b0   Code   RO         4304    .text               mf_w.l(fadd.o)
    0x0800049c   0x0800049c   0x00000064   Code   RO         4306    .text               mf_w.l(fmul.o)
    0x08000500   0x08000500   0x0000007c   Code   RO         4308    .text               mf_w.l(fdiv.o)
    0x0800057c   0x0800057c   0x00000018   Code   RO         4310    .text               mf_w.l(fscalb.o)
    0x08000594   0x08000594   0x00000012   Code   RO         4312    .text               mf_w.l(fflti.o)
    0x080005a6   0x080005a6   0x0000000a   Code   RO         4314    .text               mf_w.l(ffltui.o)
    0x080005b0   0x080005b0   0x00000032   Code   RO         4316    .text               mf_w.l(ffixi.o)
    0x080005e2   0x080005e2   0x00000028   Code   RO         4318    .text               mf_w.l(ffixui.o)
    0x0800060a   0x0800060a   0x00000026   Code   RO         4320    .text               mf_w.l(f2d.o)
    0x08000630   0x08000630   0x0000002c   Code   RO         4339    .text               mc_w.l(uidiv.o)
    0x0800065c   0x0800065c   0x00000062   Code   RO         4341    .text               mc_w.l(uldiv.o)
    0x080006be   0x080006be   0x00000002   PAD
    0x080006c0   0x080006c0   0x00000008   Code   RO         4343    .text               mc_w.l(ctype_o.o)
    0x080006c8   0x080006c8   0x0000009e   Code   RO         4380    .text               mc_w.l(_strtoul.o)
    0x08000766   0x08000766   0x00000000   Code   RO         4382    .text               mc_w.l(iusefp.o)
    0x08000766   0x08000766   0x0000006e   Code   RO         4383    .text               mf_w.l(fepilogue.o)
    0x080007d4   0x080007d4   0x0000014e   Code   RO         4385    .text               mf_w.l(dadd.o)
    0x08000922   0x08000922   0x000000e4   Code   RO         4387    .text               mf_w.l(dmul.o)
    0x08000a06   0x08000a06   0x000000de   Code   RO         4389    .text               mf_w.l(ddiv.o)
    0x08000ae4   0x08000ae4   0x00000030   Code   RO         4391    .text               mf_w.l(dfixul.o)
    0x08000b14   0x08000b14   0x00000030   Code   RO         4393    .text               mf_w.l(cdrcmple.o)
    0x08000b44   0x08000b44   0x00000024   Code   RO         4395    .text               mc_w.l(init.o)
    0x08000b68   0x08000b68   0x0000001e   Code   RO         4397    .text               mc_w.l(llshl.o)
    0x08000b86   0x08000b86   0x00000024   Code   RO         4399    .text               mc_w.l(llsshr.o)
    0x08000baa   0x08000baa   0x0000001c   Code   RO         4401    .text               mc_w.l(_chval.o)
    0x08000bc6   0x08000bc6   0x000000ba   Code   RO         4403    .text               mf_w.l(depilogue.o)
    0x08000c80   0x08000c80   0x00000056   Code   RO         4413    .text               mc_w.l(__dczerorl2.o)
    0x08000cd6   0x08000cd6   0x00000002   PAD
    0x08000cd8   0x08000cd8   0x00000080   Code   RO          495    i.BC28_thread_init  bc28_thread.o
    0x08000d58   0x08000d58   0x00000002   Code   RO         3860    i.BusFault_Handler  stm32f1xx_it.o
    0x08000d5a   0x08000d5a   0x00000002   Code   RO         3861    i.DebugMon_Handler  stm32f1xx_it.o
    0x08000d5c   0x08000d5c   0x00000048   Code   RO         1216    i.FlexShell_init    flexshell.o
    0x08000da4   0x08000da4   0x0000001c   Code   RO         1249    i.FlexShell_port_init  flexshell_port.o
    0x08000dc0   0x08000dc0   0x0000002c   Code   RO         1217    i.FlexShell_thread_handle  flexshell.o
    0x08000dec   0x08000dec   0x00000024   Code   RO         3266    i.HAL_Delay         stm32f1xx_hal.o
    0x08000e10   0x08000e10   0x000001bc   Code   RO         3196    i.HAL_GPIO_Init     stm32f1xx_hal_gpio.o
    0x08000fcc   0x08000fcc   0x0000000a   Code   RO         3198    i.HAL_GPIO_ReadPin  stm32f1xx_hal_gpio.o
    0x08000fd6   0x08000fd6   0x0000000a   Code   RO         3200    i.HAL_GPIO_WritePin  stm32f1xx_hal_gpio.o
    0x08000fe0   0x08000fe0   0x0000000c   Code   RO         3270    i.HAL_GetTick       stm32f1xx_hal.o
    0x08000fec   0x08000fec   0x00000140   Code   RO         2636    i.HAL_I2C_Init      stm32f1xx_hal_i2c.o
    0x0800112c   0x0800112c   0x00000220   Code   RO         2652    i.HAL_I2C_Mem_Read  stm32f1xx_hal_i2c.o
    0x0800134c   0x0800134c   0x0000013c   Code   RO         2655    i.HAL_I2C_Mem_Write  stm32f1xx_hal_i2c.o
    0x08001488   0x08001488   0x00000044   Code   RO         3801    i.HAL_I2C_MspInit   stm32f1xx_hal_msp.o
    0x080014cc   0x080014cc   0x00000010   Code   RO         3274    i.HAL_IncTick       stm32f1xx_hal.o
    0x080014dc   0x080014dc   0x00000024   Code   RO         3275    i.HAL_Init          stm32f1xx_hal.o
    0x08001500   0x08001500   0x00000040   Code   RO         3276    i.HAL_InitTick      stm32f1xx_hal.o
    0x08001540   0x08001540   0x00000080   Code   RO         3802    i.HAL_MspInit       stm32f1xx_hal_msp.o
    0x080015c0   0x080015c0   0x00000016   Code   RO         2312    i.HAL_NVIC_EnableIRQ  stm32f1xx_hal_cortex.o
    0x080015d6   0x080015d6   0x00000002   PAD
    0x080015d8   0x080015d8   0x00000040   Code   RO         2318    i.HAL_NVIC_SetPriority  stm32f1xx_hal_cortex.o
    0x08001618   0x08001618   0x00000024   Code   RO         2319    i.HAL_NVIC_SetPriorityGrouping  stm32f1xx_hal_cortex.o
    0x0800163c   0x0800163c   0x00000024   Code   RO         2320    i.HAL_NVIC_SystemReset  stm32f1xx_hal_cortex.o
    0x08001660   0x08001660   0x000000ec   Code   RO         2054    i.HAL_RCCEx_PeriphCLKConfig  stm32f1xx_hal_rcc_ex.o
    0x0800174c   0x0800174c   0x00000154   Code   RO         2191    i.HAL_RCC_ClockConfig  stm32f1xx_hal_rcc.o
    0x080018a0   0x080018a0   0x0000000c   Code   RO         2196    i.HAL_RCC_GetHCLKFreq  stm32f1xx_hal_rcc.o
    0x080018ac   0x080018ac   0x00000020   Code   RO         2198    i.HAL_RCC_GetPCLK1Freq  stm32f1xx_hal_rcc.o
    0x080018cc   0x080018cc   0x00000020   Code   RO         2199    i.HAL_RCC_GetPCLK2Freq  stm32f1xx_hal_rcc.o
    0x080018ec   0x080018ec   0x0000006c   Code   RO         2200    i.HAL_RCC_GetSysClockFreq  stm32f1xx_hal_rcc.o
    0x08001958   0x08001958   0x00000304   Code   RO         2203    i.HAL_RCC_OscConfig  stm32f1xx_hal_rcc.o
    0x08001c5c   0x08001c5c   0x00000018   Code   RO         2321    i.HAL_SYSTICK_CLKSourceConfig  stm32f1xx_hal_cortex.o
    0x08001c74   0x08001c74   0x00000002   Code   RO         2322    i.HAL_SYSTICK_Callback  stm32f1xx_hal_cortex.o
    0x08001c76   0x08001c76   0x00000028   Code   RO         2323    i.HAL_SYSTICK_Config  stm32f1xx_hal_cortex.o
    0x08001c9e   0x08001c9e   0x00000008   Code   RO         2324    i.HAL_SYSTICK_IRQHandler  stm32f1xx_hal_cortex.o
    0x08001ca6   0x08001ca6   0x00000002   PAD
    0x08001ca8   0x08001ca8   0x000000b0   Code   RO         3806    i.HAL_UART_MspInit  stm32f1xx_hal_msp.o
    0x08001d58   0x08001d58   0x000001b8   Code   RO          866    i.HTS221_Calibration  hts221.o
    0x08001f10   0x08001f10   0x00000110   Code   RO          867    i.HTS221_GetHumidity  hts221.o
    0x08002020   0x08002020   0x00000100   Code   RO          868    i.HTS221_GetTemperature  hts221.o
    0x08002120   0x08002120   0x00000026   Code   RO          869    i.HTS221_who_am_i   hts221.o
    0x08002146   0x08002146   0x00000006   Code   RO         3862    i.HardFault_Handler  stm32f1xx_it.o
    0x0800214c   0x0800214c   0x00000032   Code   RO          244    i.HexToStr          aepservicecodes.o
    0x0800217e   0x0800217e   0x00000028   Code   RO         2674    i.I2C_IsAcknowledgeFailed  stm32f1xx_hal_i2c.o
    0x080021a6   0x080021a6   0x00000002   PAD
    0x080021a8   0x080021a8   0x0000001c   Code   RO          870    i.I2C_Read          hts221.o
    0x080021c4   0x080021c4   0x000000f0   Code   RO         2683    i.I2C_RequestMemoryRead  stm32f1xx_hal_i2c.o
    0x080022b4   0x080022b4   0x000000a0   Code   RO         2684    i.I2C_RequestMemoryWrite  stm32f1xx_hal_i2c.o
    0x08002354   0x08002354   0x0000004e   Code   RO         2687    i.I2C_WaitOnBTFFlagUntilTimeout  stm32f1xx_hal_i2c.o
    0x080023a2   0x080023a2   0x00000060   Code   RO         2688    i.I2C_WaitOnFlagUntilTimeout  stm32f1xx_hal_i2c.o
    0x08002402   0x08002402   0x00000002   PAD
    0x08002404   0x08002404   0x00000088   Code   RO         2689    i.I2C_WaitOnMasterAddressFlagUntilTimeout  stm32f1xx_hal_i2c.o
    0x0800248c   0x0800248c   0x00000062   Code   RO         2690    i.I2C_WaitOnRXNEFlagUntilTimeout  stm32f1xx_hal_i2c.o
    0x080024ee   0x080024ee   0x0000004e   Code   RO         2691    i.I2C_WaitOnTXEFlagUntilTimeout  stm32f1xx_hal_i2c.o
    0x0800253c   0x0800253c   0x0000001c   Code   RO          871    i.I2C_Write         hts221.o
    0x08002558   0x08002558   0x000000dc   Code   RO         3745    i.MX_GPIO_Init      main.o
    0x08002634   0x08002634   0x00000038   Code   RO         3746    i.MX_I2C1_Init      main.o
    0x0800266c   0x0800266c   0x00000002   Code   RO         3863    i.MemManage_Handler  stm32f1xx_it.o
    0x0800266e   0x0800266e   0x00000002   Code   RO         3864    i.NMI_Handler       stm32f1xx_it.o
    0x08002670   0x08002670   0x00000020   Code   RO         2325    i.NVIC_SetPriority  stm32f1xx_hal_cortex.o
    0x08002690   0x08002690   0x00000012   Code   RO         1618    i.OSSemCreat        os_sem.o
    0x080026a2   0x080026a2   0x0000001a   Code   RO         1619    i.OSSemPend         os_sem.o
    0x080026bc   0x080026bc   0x00000016   Code   RO         1620    i.OSSemPost         os_sem.o
    0x080026d2   0x080026d2   0x00000002   Code   RO         3865    i.PendSV_Handler    stm32f1xx_it.o
    0x080026d4   0x080026d4   0x00000002   Code   RO         3866    i.SVC_Handler       stm32f1xx_it.o
    0x080026d6   0x080026d6   0x00000002   PAD
    0x080026d8   0x080026d8   0x00000050   Code   RO          245    i.StrToHex          aepservicecodes.o
    0x08002728   0x08002728   0x00000012   Code   RO         3867    i.SysTick_Handler   stm32f1xx_it.o
    0x0800273a   0x0800273a   0x00000080   Code   RO         3747    i.SystemClock_Config  main.o
    0x080027ba   0x080027ba   0x00000002   PAD
    0x080027bc   0x080027bc   0x00000048   Code   RO         3939    i.SystemInit        system_stm32f1xx.o
    0x08002804   0x08002804   0x00000170   Code   RO         3469    i.UART_SetConfig    stm32f1xx_hal_uart.o
    0x08002974   0x08002974   0x00000068   Code   RO          928    i.USART1_IRQHandler  app_uart.o
    0x080029dc   0x080029dc   0x00000074   Code   RO          988    i.USART2_IRQHandler  log_uart.o
    0x08002a50   0x08002a50   0x00000002   Code   RO         3868    i.UsageFault_Handler  stm32f1xx_it.o
    0x08002a52   0x08002a52   0x00000002   PAD
    0x08002a54   0x08002a54   0x000000c6   Code   RO         1389    i._PrintInt         tinyprintf.o
    0x08002b1a   0x08002b1a   0x00000002   PAD
    0x08002b1c   0x08002b1c   0x000000d4   Code   RO         1390    i._PrintUnsigned    tinyprintf.o
    0x08002bf0   0x08002bf0   0x00000048   Code   RO         1391    i._StoreChar        tinyprintf.o
    0x08002c38   0x08002c38   0x00000020   Code   RO         4242    i.__0printf         mc_w.l(printfa.o)
    0x08002c58   0x08002c58   0x00000028   Code   RO         4244    i.__0sprintf        mc_w.l(printfa.o)
    0x08002c80   0x08002c80   0x00000008   Code   RO         4373    i.__aeabi_errno_addr  mc_w.l(errno.o)
    0x08002c88   0x08002c88   0x0000000e   Code   RO         4407    i.__scatterload_copy  mc_w.l(handlers.o)
    0x08002c96   0x08002c96   0x00000002   Code   RO         4408    i.__scatterload_null  mc_w.l(handlers.o)
    0x08002c98   0x08002c98   0x0000000e   Code   RO         4409    i.__scatterload_zeroinit  mc_w.l(handlers.o)
    0x08002ca6   0x08002ca6   0x00000002   PAD
    0x08002ca8   0x08002ca8   0x00000184   Code   RO         4249    i._fp_digits        mc_w.l(printfa.o)
    0x08002e2c   0x08002e2c   0x000006b4   Code   RO         4250    i._printf_core      mc_w.l(printfa.o)
    0x080034e0   0x080034e0   0x00000024   Code   RO         4251    i._printf_post_padding  mc_w.l(printfa.o)
    0x08003504   0x08003504   0x0000002e   Code   RO         4252    i._printf_pre_padding  mc_w.l(printfa.o)
    0x08003532   0x08003532   0x0000000a   Code   RO         4254    i._sputc            mc_w.l(printfa.o)
    0x0800353c   0x0800353c   0x00000010   Code   RO          247    i.aep_htonf         aepservicecodes.o
    0x0800354c   0x0800354c   0x00000010   Code   RO          248    i.aep_htoni         aepservicecodes.o
    0x0800355c   0x0800355c   0x00000010   Code   RO          250    i.aep_htons         aepservicecodes.o
    0x0800356c   0x0800356c   0x0000007c   Code   RO            4    i.aep_thread_init   app_aep_profile.o
    0x080035e8   0x080035e8   0x00000012   Code   RO          421    i.app_thread_init   user_main.o
    0x080035fa   0x080035fa   0x00000002   PAD
    0x080035fc   0x080035fc   0x00000028   Code   RO          929    i.app_uart_init     app_uart.o
    0x08003624   0x08003624   0x0000002c   Code   RO          930    i.app_uart_register_fifo  app_uart.o
    0x08003650   0x08003650   0x00000064   Code   RO          931    i.app_uart_timout_cb  app_uart.o
    0x080036b4   0x080036b4   0x00000050   Code   RO          496    i.at_config_recv_msg_indication  bc28_thread.o
    0x08003704   0x08003704   0x0000001c   Code   RO          497    i.at_get_CON_result  bc28_thread.o
    0x08003720   0x08003720   0x00000088   Code   RO          570    i.at_get_URC_result  nb_thread.o
    0x080037a8   0x080037a8   0x00000030   Code   RO          571    i.at_get_cmd        nb_thread.o
    0x080037d8   0x080037d8   0x0000002c   Code   RO          572    i.at_get_req_cmd    nb_thread.o
    0x08003804   0x08003804   0x00000088   Code   RO          573    i.at_get_req_result  nb_thread.o
    0x0800388c   0x0800388c   0x000000dc   Code   RO          574    i.at_get_rsp        nb_thread.o
    0x08003968   0x08003968   0x00000160   Code   RO          498    i.at_process_URC    bc28_thread.o
    0x08003ac8   0x08003ac8   0x000000b8   Code   RO          575    i.at_process_rsp    nb_thread.o
    0x08003b80   0x08003b80   0x00000024   Code   RO          499    i.at_recv_data      bc28_thread.o
    0x08003ba4   0x08003ba4   0x0000011c   Code   RO          576    i.at_send           nb_thread.o
    0x08003cc0   0x08003cc0   0x00000068   Code   RO          500    i.at_send_data      bc28_thread.o
    0x08003d28   0x08003d28   0x0000002c   Code   RO          577    i.at_send_data      nb_thread.o
    0x08003d54   0x08003d54   0x00000080   Code   RO          578    i.at_set_rsp        nb_thread.o
    0x08003dd4   0x08003dd4   0x000001ec   Code   RO         1343    i.bsp_cmd_func      flexshelluser.o
    0x08003fc0   0x08003fc0   0x0000004c   Code   RO          701    i.bsp_init          bsp.o
    0x0800400c   0x0800400c   0x00000038   Code   RO          457    i.bsp_thread_init   bsp_thread.o
    0x08004044   0x08004044   0x00000002   Code   RO         1272    i.clr_dis_func      flexshellsys.o
    0x08004046   0x08004046   0x00000002   PAD
    0x08004048   0x08004048   0x000001cc   Code   RO          254    i.codeDataReportByIdentifierToStr  aepservicecodes.o
    0x08004214   0x08004214   0x00000184   Code   RO          256    i.decodeCmdDownFromStr  aepservicecodes.o
    0x08004398   0x08004398   0x000003ac   Code   RO            5    i.decode_aep_data   app_aep_profile.o
    0x08004744   0x08004744   0x00000004   Code   RO          770    i.delay_ms          delay.o
    0x08004748   0x08004748   0x0000006c   Code   RO         1218    i.do_shell_cmd      flexshell.o
    0x080047b4   0x080047b4   0x0000003c   Code   RO         1273    i.do_show_help      flexshellsys.o
    0x080047f0   0x080047f0   0x0000016c   Code   RO         1344    i.fifo_func         flexshelluser.o
    0x0800495c   0x0800495c   0x0000006a   Code   RO         1740    i.fifo_get          fifo.o
    0x080049c6   0x080049c6   0x0000001e   Code   RO         1742    i.fifo_init         fifo.o
    0x080049e4   0x080049e4   0x0000005e   Code   RO         1743    i.fifo_put          fifo.o
    0x08004a42   0x08004a42   0x0000001e   Code   RO         1100    i.find_use_targe    util.o
    0x08004a60   0x08004a60   0x00000014   Code   RO          932    i.fputc             app_uart.o
    0x08004a74   0x08004a74   0x00000050   Code   RO         4270    i.free              mc_w.l(malloc.o)
    0x08004ac4   0x08004ac4   0x00000076   Code   RO          702    i.getStatus         bsp.o
    0x08004b3a   0x08004b3a   0x00000002   PAD
    0x08004b3c   0x08004b3c   0x00000080   Code   RO         1345    i.get_board_infor   flexshelluser.o
    0x08004bbc   0x08004bbc   0x00000010   Code   RO          458    i.get_hum_temp      bsp_thread.o
    0x08004bcc   0x08004bcc   0x00000020   Code   RO         1459    i.get_thread        thread.o
    0x08004bec   0x08004bec   0x00000028   Code   RO         1460    i.get_thread_name   thread.o
    0x08004c14   0x08004c14   0x00000084   Code   RO         1274    i.get_time          flexshellsys.o
    0x08004c98   0x08004c98   0x000001a4   Code   RO          257    i.info_report_CodeDataReport  aepservicecodes.o
    0x08004e3c   0x08004e3c   0x00000014   Code   RO         1106    i.isLittleEndian    util.o
    0x08004e50   0x08004e50   0x00000018   Code   RO          798    i.led_read          led.o
    0x08004e68   0x08004e68   0x00000084   Code   RO          799    i.led_write         led.o
    0x08004eec   0x08004eec   0x00000012   Code   RO         1438    i.log_read          tinylog.o
    0x08004efe   0x08004efe   0x00000002   PAD
    0x08004f00   0x08004f00   0x00000060   Code   RO          989    i.log_uart_Init     log_uart.o
    0x08004f60   0x08004f60   0x0000001c   Code   RO          990    i.log_uart_init     log_uart.o
    0x08004f7c   0x08004f7c   0x0000003c   Code   RO          991    i.log_uart_read     log_uart.o
    0x08004fb8   0x08004fb8   0x00000024   Code   RO          992    i.log_uart_write    log_uart.o
    0x08004fdc   0x08004fdc   0x0000001a   Code   RO         3749    i.main              main.o
    0x08004ff6   0x08004ff6   0x00000002   PAD
    0x08004ff8   0x08004ff8   0x0000006c   Code   RO         4271    i.malloc            mc_w.l(malloc.o)
    0x08005064   0x08005064   0x000000a4   Code   RO         1346    i.manufacturer_at_func  flexshelluser.o
    0x08005108   0x08005108   0x00000074   Code   RO          579    i.module_cmd_table_init  nb_thread.o
    0x0800517c   0x0800517c   0x00000040   Code   RO          703    i.module_power_on   bsp.o
    0x080051bc   0x080051bc   0x0000003c   Code   RO          704    i.module_reset      bsp.o
    0x080051f8   0x080051f8   0x0000002e   Code   RO          258    i.motor_control_DecodeCmdDown  aepservicecodes.o
    0x08005226   0x08005226   0x00000002   PAD
    0x08005228   0x08005228   0x00000088   Code   RO          259    i.motor_control_ack_CodeCmdResponse  aepservicecodes.o
    0x080052b0   0x080052b0   0x0000002e   Code   RO          260    i.motor_led0_DecodeCmdDown  aepservicecodes.o
    0x080052de   0x080052de   0x00000002   PAD
    0x080052e0   0x080052e0   0x00000088   Code   RO          261    i.motor_led0_ack_CodeCmdResponse  aepservicecodes.o
    0x08005368   0x08005368   0x0000000c   Code   RO          834    i.motor_read        motor.o
    0x08005374   0x08005374   0x0000004c   Code   RO          835    i.motor_write       motor.o
    0x080053c0   0x080053c0   0x00000070   Code   RO         1347    i.nb_module_infor   flexshelluser.o
    0x08005430   0x08005430   0x0000000c   Code   RO          580    i.nb_register_syn_ack  nb_thread.o
    0x0800543c   0x0800543c   0x000000dc   Code   RO          581    i.nb_send           nb_thread.o
    0x08005518   0x08005518   0x00000010   Code   RO          582    i.nb_syn_process    nb_thread.o
    0x08005528   0x08005528   0x000000c8   Code   RO          583    i.nb_thread_init    nb_thread.o
    0x080055f0   0x080055f0   0x000000c4   Code   RO            6    i.nb_timer_cb       app_aep_profile.o
    0x080056b4   0x080056b4   0x00000034   Code   RO            7    i.nb_warning_timer_cb  app_aep_profile.o
    0x080056e8   0x080056e8   0x00000048   Code   RO         1558    i.os_event_create   os_event.o
    0x08005730   0x08005730   0x00000080   Code   RO         1559    i.os_event_pend_event  os_event.o
    0x080057b0   0x080057b0   0x00000090   Code   RO         1560    i.os_event_post_event  os_event.o
    0x08005840   0x08005840   0x00000048   Code   RO         1561    i.os_event_set_event  os_event.o
    0x08005888   0x08005888   0x0000006c   Code   RO         1642    i.os_rt_timer_tick  os_soft_timer.o
    0x080058f4   0x080058f4   0x0000000c   Code   RO         1699    i.os_time_get_timetick  os_time.o
    0x08005900   0x08005900   0x0000000c   Code   RO         1700    i.os_time_set_timetick  os_time.o
    0x0800590c   0x0800590c   0x00000044   Code   RO         1701    i.os_time_tick_handle  os_time.o
    0x08005950   0x08005950   0x00000124   Code   RO          705    i.platform_init     bsp.o
    0x08005a74   0x08005a74   0x000004c4   Code   RO          872    i.print_all_reg     hts221.o
    0x08005f38   0x08005f38   0x00000174   Code   RO          501    i.process_thread_BC28_event_process  bc28_thread.o
    0x080060ac   0x080060ac   0x00000d18   Code   RO          502    i.process_thread_BC28_init_process  bc28_thread.o
    0x08006dc4   0x08006dc4   0x0000003c   Code   RO         1250    i.process_thread_FlexShell_process  flexshell_port.o
    0x08006e00   0x08006e00   0x000001c4   Code   RO            8    i.process_thread_app_process  app_aep_profile.o
    0x08006fc4   0x08006fc4   0x000000e4   Code   RO          459    i.process_thread_bsp_process  bsp_thread.o
    0x080070a8   0x080070a8   0x000007fc   Code   RO          584    i.process_thread_nb_init_process  nb_thread.o
    0x080078a4   0x080078a4   0x0000007c   Code   RO          585    i.process_thread_nb_recvdata_process  nb_thread.o
    0x08007920   0x08007920   0x00000178   Code   RO          586    i.process_thread_nb_rsp_process  nb_thread.o
    0x08007a98   0x08007a98   0x000000ac   Code   RO         1643    i.process_thread_thread_timer_process  os_soft_timer.o
    0x08007b44   0x08007b44   0x000002a8   Code   RO         1275    i.ps_func           flexshellsys.o
    0x08007dec   0x08007dec   0x00000014   Code   RO          706    i.read_IR_value     bsp.o
    0x08007e00   0x08007e00   0x00000028   Code   RO          707    i.read_key_value    bsp.o
    0x08007e28   0x08007e28   0x00000028   Code   RO          587    i.release_req       nb_thread.o
    0x08007e50   0x08007e50   0x0000002e   Code   RO          262    i.report_control_DecodeCmdDown  aepservicecodes.o
    0x08007e7e   0x08007e7e   0x00000002   PAD
    0x08007e80   0x08007e80   0x00000088   Code   RO          263    i.report_control_ack_CodeCmdResponse  aepservicecodes.o
    0x08007f08   0x08007f08   0x0000002e   Code   RO          264    i.report_period_set_DecodeCmdDown  aepservicecodes.o
    0x08007f36   0x08007f36   0x00000002   PAD
    0x08007f38   0x08007f38   0x00000088   Code   RO          265    i.report_period_set_ack_CodeCmdResponse  aepservicecodes.o
    0x08007fc0   0x08007fc0   0x00000094   Code   RO         1276    i.restart_func      flexshellsys.o
    0x08008054   0x08008054   0x00000094   Code   RO         1277    i.resume_func       flexshellsys.o
    0x080080e8   0x080080e8   0x00000074   Code   RO            9    i.send_data_asy_callback  app_aep_profile.o
    0x0800815c   0x0800815c   0x00000124   Code   RO           10    i.send_data_syn_callback  app_aep_profile.o
    0x08008280   0x08008280   0x000000bc   Code   RO           11    i.send_msg          app_aep_profile.o
    0x0800833c   0x0800833c   0x00000094   Code   RO           12    i.send_sensor_data  app_aep_profile.o
    0x080083d0   0x080083d0   0x00000020   Code   RO          588    i.send_timer_cb     nb_thread.o
    0x080083f0   0x080083f0   0x0000006c   Code   RO          266    i.sensor_report_CodeDataReport  aepservicecodes.o
    0x0800845c   0x0800845c   0x00000038   Code   RO          708    i.setStatus         bsp.o
    0x08008494   0x08008494   0x00000080   Code   RO         1278    i.set_timestamp     flexshellsys.o
    0x08008514   0x08008514   0x00000094   Code   RO         1111    i.shell_split       util.o
    0x080085a8   0x080085a8   0x000000c4   Code   RO          267    i.signal_report_CodeDataReport  aepservicecodes.o
    0x0800866c   0x0800866c   0x00000078   Code   RO         1644    i.soft_timer_init   os_soft_timer.o
    0x080086e4   0x080086e4   0x0000011c   Code   RO         1645    i.soft_timer_register  os_soft_timer.o
    0x08008800   0x08008800   0x00000038   Code   RO         1646    i.soft_timer_start  os_soft_timer.o
    0x08008838   0x08008838   0x00000010   Code   RO         1647    i.soft_timer_stop   os_soft_timer.o
    0x08008848   0x08008848   0x00000074   Code   RO         1279    i.suspend_func      flexshellsys.o
    0x080088bc   0x080088bc   0x00000004   Code   RO         1280    i.sys_reset         flexshellsys.o
    0x080088c0   0x080088c0   0x0000005e   Code   RO         1112    i.t_strtok          util.o
    0x0800891e   0x0800891e   0x00000002   PAD
    0x08008920   0x08008920   0x00000088   Code   RO          268    i.temperature_humidity_report_CodeDataReport  aepservicecodes.o
    0x080089a8   0x080089a8   0x000000b4   Code   RO         1461    i.thread_os_delete  thread.o
    0x08008a5c   0x08008a5c   0x000000a4   Code   RO         1530    i.thread_os_init    os_core.o
    0x08008b00   0x08008b00   0x00000074   Code   RO         1462    i.thread_os_register  thread.o
    0x08008b74   0x08008b74   0x00000090   Code   RO         1463    i.thread_os_restart  thread.o
    0x08008c04   0x08008c04   0x00000094   Code   RO         1464    i.thread_os_resume  thread.o
    0x08008c98   0x08008c98   0x000000d0   Code   RO         1531    i.thread_os_start   os_core.o
    0x08008d68   0x08008d68   0x000000e4   Code   RO         1466    i.thread_os_suspend  thread.o
    0x08008e4c   0x08008e4c   0x00000024   Code   RO         1725    i.thread_os_tick    os_port.o
    0x08008e70   0x08008e70   0x0000003c   Code   RO         1649    i.thread_timer_tick  os_soft_timer.o
    0x08008eac   0x08008eac   0x00000094   Code   RO          269    i.ths_data_CodeDataReport  aepservicecodes.o
    0x08008f40   0x08008f40   0x00000016   Code   RO         1392    i.ty_printf         tinyprintf.o
    0x08008f56   0x08008f56   0x00000002   PAD
    0x08008f58   0x08008f58   0x0000000c   Code   RO         1393    i.ty_printf_init    tinyprintf.o
    0x08008f64   0x08008f64   0x0000019c   Code   RO         1394    i.ty_vprintf        tinyprintf.o
    0x08009100   0x08009100   0x00000060   Code   RO          933    i.uart_Init         app_uart.o
    0x08009160   0x08009160   0x0000001a   Code   RO          422    i.user_main         user_main.o
    0x0800917a   0x0800917a   0x00000010   Data   RO         1395    .constdata          tinyprintf.o
    0x0800918a   0x0800918a   0x00000010   Data   RO         3940    .constdata          system_stm32f1xx.o
    0x0800919a   0x0800919a   0x00000008   Data   RO         3941    .constdata          system_stm32f1xx.o
    0x080091a2   0x080091a2   0x0000000c   Data   RO         3989    .constdata          mc_w.l(localtime.o)
    0x080091ae   0x080091ae   0x00000039   Data   RO         3993    .constdata          mc_w.l(asctime.o)
    0x080091e7   0x080091e7   0x00000081   Data   RO         4344    .constdata          mc_w.l(ctype_o.o)
    0x08009268   0x08009268   0x00000004   Data   RO         4345    .constdata          mc_w.l(ctype_o.o)
    0x0800926c   0x0800926c   0x0000000b   Data   RO           14    .conststring        app_aep_profile.o
    0x08009277   0x08009277   0x00000001   PAD
    0x08009278   0x08009278   0x0000000b   Data   RO          460    .conststring        bsp_thread.o
    0x08009283   0x08009283   0x00000001   PAD
    0x08009284   0x08009284   0x00000026   Data   RO          504    .conststring        bc28_thread.o
    0x080092aa   0x080092aa   0x00000002   PAD
    0x080092ac   0x080092ac   0x00000137   Data   RO          505    .conststring        bc28_thread.o
    0x080093e3   0x080093e3   0x00000001   PAD
    0x080093e4   0x080093e4   0x00000033   Data   RO          592    .conststring        nb_thread.o
    0x08009417   0x08009417   0x00000001   PAD
    0x08009418   0x08009418   0x00000048   Data   RO          935    .conststring        app_uart.o
    0x08009460   0x08009460   0x00000011   Data   RO         1251    .conststring        flexshell_port.o
    0x08009471   0x08009471   0x00000003   PAD
    0x08009474   0x08009474   0x00000107   Data   RO         1281    .conststring        flexshellsys.o
    0x0800957b   0x0800957b   0x00000001   PAD
    0x0800957c   0x0800957c   0x0000007c   Data   RO         1349    .conststring        flexshelluser.o
    0x080095f8   0x080095f8   0x00000049   Data   RO         1467    .conststring        thread.o
    0x08009641   0x08009641   0x00000003   PAD
    0x08009644   0x08009644   0x0000000f   Data   RO         1651    .conststring        os_soft_timer.o
    0x08009653   0x08009653   0x00000001   PAD
    0x08009654   0x08009654   0x000001bf   Data   RO         1282    .conststrlit        flexshellsys.o
    0x08009813   0x08009813   0x00000001   PAD
    0x08009814   0x08009814   0x00000174   Data   RO         1350    .conststrlit        flexshelluser.o
    0x08009988   0x08009988   0x00000020   Data   RO         4405    Region$$Table       anon$$obj.o


    Execution Region RW_IRAM1 (Exec base: 0x20000000, Load base: 0x080099a8, Size: 0x00001dc0, Max: 0x00005000, ABSOLUTE, COMPRESSED[0x00000208])

    Exec Addr    Load Addr    Size         Type   Attr      Idx    E Section Name        Object

    0x20000000   COMPRESSED   0x00000030   Data   RW           15    .data               app_aep_profile.o
    0x20000030   COMPRESSED   0x00000004   Data   RW          270    .data               aepservicecodes.o
    0x20000034   COMPRESSED   0x0000002c   Data   RW          461    .data               bsp_thread.o
    0x20000060   COMPRESSED   0x00000044   Data   RW          506    .data               bc28_thread.o
    0x200000a4   COMPRESSED   0x000004d0   Data   RW          507    .data               bc28_thread.o
    0x20000574   COMPRESSED   0x00000098   Data   RW          593    .data               nb_thread.o
    0x2000060c   COMPRESSED   0x00000002   Data   RW          800    .data               led.o
    0x2000060e   COMPRESSED   0x00000001   Data   RW          836    .data               motor.o
    0x2000060f   COMPRESSED   0x00000001   PAD
    0x20000610   COMPRESSED   0x00000018   Data   RW          873    .data               hts221.o
    0x20000628   COMPRESSED   0x0000000c   Data   RW          936    .data               app_uart.o
    0x20000634   COMPRESSED   0x00000001   Data   RW          994    .data               log_uart.o
    0x20000635   COMPRESSED   0x00000001   Data   RW         1115    .data               util.o
    0x20000636   COMPRESSED   0x00000002   PAD
    0x20000638   COMPRESSED   0x00000008   Data   RW         1220    .data               flexshell.o
    0x20000640   COMPRESSED   0x00000020   Data   RW         1252    .data               flexshell_port.o
    0x20000660   COMPRESSED   0x00000004   Data   RW         1396    .data               tinyprintf.o
    0x20000664   COMPRESSED   0x00000008   Data   RW         1468    .data               thread.o
    0x2000066c   COMPRESSED   0x0000000c   Data   RW         1532    .data               os_core.o
    0x20000678   COMPRESSED   0x00000020   Data   RW         1652    .data               os_soft_timer.o
    0x20000698   COMPRESSED   0x00000004   Data   RW         1702    .data               os_time.o
    0x2000069c   COMPRESSED   0x0000000c   Data   RW         3282    .data               stm32f1xx_hal.o
    0x200006a8   COMPRESSED   0x00000004   Data   RW         3942    .data               system_stm32f1xx.o
    0x200006ac   COMPRESSED   0x00000004   Data   RW         4338    .data               mc_w.l(stdout.o)
    0x200006b0   COMPRESSED   0x00000004   Data   RW         4371    .data               mc_w.l(mvars.o)
    0x200006b4   COMPRESSED   0x00000004   Data   RW         4372    .data               mc_w.l(mvars.o)
    0x200006b8   COMPRESSED   0x00000004   Data   RW         4376    .data               mc_w.l(errno.o)
    0x200006bc   COMPRESSED   0x000000a0   Data   RW         1283    FlexShellSection    flexshellsys.o
    0x2000075c   COMPRESSED   0x00000080   Data   RW         1351    FlexShellSection    flexshelluser.o
    0x200007dc        -       0x0000000c   Zero   RW           13    .bss                app_aep_profile.o
    0x200007e8        -       0x00000028   Zero   RW          503    .bss                bc28_thread.o
    0x20000810        -       0x00000890   Zero   RW          589    .bss                nb_thread.o
    0x200010a0        -       0x00000014   Zero   RW          590    .bss                nb_thread.o
    0x200010b4        -       0x00000019   Zero   RW          591    .bss                nb_thread.o
    0x200010cd   COMPRESSED   0x00000003   PAD
    0x200010d0        -       0x00000150   Zero   RW          934    .bss                app_uart.o
    0x20001220        -       0x000000c4   Zero   RW          993    .bss                log_uart.o
    0x200012e4        -       0x00000200   Zero   RW         1219    .bss                flexshell.o
    0x200014e4        -       0x00000034   Zero   RW         1348    .bss                flexshelluser.o
    0x20001518        -       0x0000020c   Zero   RW         1650    .bss                os_soft_timer.o
    0x20001724        -       0x00000054   Zero   RW         3750    .bss                main.o
    0x20001778        -       0x0000002c   Zero   RW         3988    .bss                mc_w.l(localtime.o)
    0x200017a4        -       0x0000001a   Zero   RW         3992    .bss                mc_w.l(asctime.o)
    0x200017be   COMPRESSED   0x00000002   PAD
    0x200017c0        -       0x00000200   Zero   RW         3974    HEAP                startup_stm32f103xb.o
    0x200019c0        -       0x00000400   Zero   RW         3973    STACK               startup_stm32f103xb.o


==============================================================================

Image component sizes


      Code (inc. data)   RO Data    RW Data    ZI Data      Debug   Object Name

      2762        284          0          4          0      18585   aepservicecodes.o
      2508        958         11         48         12     444161   app_aep_profile.o
       404         70         72         12        336       5120   app_uart.o
      4452        686        349       1300         40      13205   bc28_thread.o
       726        282          0          0          0       5031   bsp.o
       300         74         11         44          0       2481   bsp_thread.o
         4          0          0          0          0        463   delay.o
       230          0          0          0          0       2870   fifo.o
       224         82          0          8        512       3768   flexshell.o
        88          8         17         32          0       1962   flexshell_port.o
      1418        772        710        160          0       8253   flexshellsys.o
      1260        488        496        128         52       5322   flexshelluser.o
      2282        618          0         24          0       6684   hts221.o
       156         14          0          2          0       1647   led.o
       336         44          0          1        196       3684   log_uart.o
       430         24          0          0         84       3416   main.o
        88         14          0          1          0       1727   motor.o
      4404        736         51        152       2237      19168   nb_thread.o
       372        220          0         12          0       1734   os_core.o
       416        186          0          0          0       3303   os_event.o
        36          6          0          0          0        549   os_port.o
        66          0          0          0          0       2169   os_sem.o
       816         86         15         32        524       5792   os_soft_timer.o
        92         22          0          4          0       1844   os_time.o
        36          8        236          0       1536        792   startup_stm32f103xb.o
       164         28          0         12          0       3989   stm32f1xx_hal.o
       264         24          0          0          0      28188   stm32f1xx_hal_cortex.o
       464         36          0          0          0       3591   stm32f1xx_hal_gpio.o
      2106         46          0          0          0      12878   stm32f1xx_hal_i2c.o
       372         42          0          0          0       2403   stm32f1xx_hal_msp.o
      1296        104          0          0          0       5788   stm32f1xx_hal_rcc.o
       236         12          0          0          0       1432   stm32f1xx_hal_rcc_ex.o
       368          4          0          0          0       1293   stm32f1xx_hal_uart.o
        38          0          0          0          0       4142   stm32f1xx_it.o
        72         16         24          4          0       1259   system_stm32f1xx.o
       888        464         73          8          0       8505   thread.o
        18          0          0          0          0        635   tinylog.o
       928         22         16          4          0       6705   tinyprintf.o
        44          0          0          0          0        962   user_main.o
       292          6          0          1          0       4109   util.o

    ----------------------------------------------------------------------
     31494       6486       2128       1996       5532     649609   Object Totals
         0          0         32          0          0          0   (incl. Generated)
        38          0         15          3          3          0   (incl. Padding)

    ----------------------------------------------------------------------

      Code (inc. data)   RO Data    RW Data    ZI Data      Debug   Library Member Name

        86          0          0          0          0          0   __dczerorl2.o
        28          0          0          0          0         68   _chval.o
       158          0          0          0          0         92   _strtoul.o
       188         16         57          0         26         88   asctime.o
        26          0          0          0          0         80   atoi.o
        26          0          0          0          0         80   atol.o
        14          0          0          0          0         80   ctime.o
         8          4        133          0          0         68   ctype_o.o
         0          0          0          0          0          0   entry.o
         0          0          0          0          0          0   entry10a.o
         0          0          0          0          0          0   entry11a.o
         4          0          0          0          0          0   entry12b.o
         8          4          0          0          0          0   entry2.o
         4          0          0          0          0          0   entry5.o
         0          0          0          0          0          0   entry7b.o
         0          0          0          0          0          0   entry8b.o
         8          4          0          0          0          0   entry9a.o
         8          4          0          4          0         68   errno.o
        30          0          0          0          0          0   handlers.o
        36          8          0          0          0         68   init.o
         0          0          0          0          0          0   iusefp.o
        30          0          0          0          0         68   llshl.o
        36          0          0          0          0         68   llsshr.o
        32          0          0          0          0         68   llushr.o
       148         10         12          0         44         76   localtime.o
       188         20          0          0          0        160   malloc.o
        36          0          0          0          0         68   memcpya.o
        36          0          0          0          0        108   memseta.o
         0          0          0          8          0          0   mvars.o
      2268         96          0          0          0        616   printfa.o
         0          0          0          4          0          0   stdout.o
        28          0          0          0          0         76   strcmp.o
        14          0          0          0          0         68   strlen.o
        36          0          0          0          0         80   strstr.o
       112          0          0          0          0         88   strtol.o
        12          0          0          0          0         68   toupper.o
        44          0          0          0          0         80   uidiv.o
        98          0          0          0          0         92   uldiv.o
        48          0          0          0          0         68   cdrcmple.o
       334          0          0          0          0        148   dadd.o
       222          0          0          0          0        100   ddiv.o
       186          0          0          0          0        176   depilogue.o
        48          0          0          0          0         68   dfixul.o
       228          0          0          0          0         96   dmul.o
        38          0          0          0          0         68   f2d.o
       176          0          0          0          0        140   fadd.o
       124          0          0          0          0         88   fdiv.o
       110          0          0          0          0        168   fepilogue.o
        50          0          0          0          0         68   ffixi.o
        40          0          0          0          0         68   ffixui.o
        18          0          0          0          0         68   fflti.o
        10          0          0          0          0         68   ffltui.o
       100          0          0          0          0         76   fmul.o
        24          0          0          0          0         68   fscalb.o

    ----------------------------------------------------------------------
      5512        166        202         16         72       4012   Library Totals
         6          0          0          0          2          0   (incl. Padding)

    ----------------------------------------------------------------------

      Code (inc. data)   RO Data    RW Data    ZI Data      Debug   Library Name

      3750        166        202         16         70       2476   mc_w.l
      1756          0          0          0          0       1536   mf_w.l

    ----------------------------------------------------------------------
      5512        166        202         16         72       4012   Library Totals

    ----------------------------------------------------------------------

==============================================================================


      Code (inc. data)   RO Data    RW Data    ZI Data      Debug   

     37006       6652       2330       2012       5604     641009   Grand Totals
     37006       6652       2330        520       5604     641009   ELF Image Totals (compressed)
     37006       6652       2330        520          0          0   ROM Totals

==============================================================================

    Total RO  Size (Code + RO Data)                39336 (  38.41kB)
    Total RW  Size (RW Data + ZI Data)              7616 (   7.44kB)
    Total ROM Size (Code + RO Data + RW Data)      39856 (  38.92kB)

==============================================================================

